2026-09-13  8:28:09 0 [Note] Starting MariaDB 10.11.18-MariaDB-0+deb12u1 source revision 197f92bee02d8e836f529f37625be69b83e7acbd server_uid F2XvvwlM16u0fVLPfFxeJms9SN4= as process 13325
2026-09-13  8:28:09 0 [Note] InnoDB: Compressed tables use zlib 1.2.13
2026-09-13  8:28:09 0 [Note] InnoDB: Number of transaction pools: 1
2026-09-13  8:28:09 0 [Note] InnoDB: Using ARMv8 crc32 + pmull instructions
2026-09-13  8:28:09 0 [Warning] mariadbd: io_uring_queue_init() failed with EPERM: sysctl kernel.io_uring_disabled has the value 2, or 1 and the user of the process is not a member of sysctl kernel.io_uring_group. (see man 2 io_uring_setup).
create_uring failed: falling back to libaio
2026-09-13  8:28:09 0 [Note] InnoDB: Using Linux native AIO
2026-09-13  8:28:09 0 [Note] InnoDB: innodb_buffer_pool_size_max=8388608m, innodb_buffer_pool_size=128m
2026-09-13  8:28:09 0 [Note] InnoDB: Completed initialization of buffer pool
2026-09-13  8:28:09 0 [Note] InnoDB: File system buffers for log disabled (block size=512 bytes)
2026-09-13  8:28:09 0 [Note] InnoDB: End of log at LSN=1476070
2026-09-13  8:28:09 0 [Note] InnoDB: 128 rollback segments are active.
2026-09-13  8:28:09 0 [Note] InnoDB: Setting file './ibtmp1' size to 12.000MiB. Physically writing the file full; Please wait ...
2026-09-13  8:28:09 0 [Note] InnoDB: File './ibtmp1' size is now 12.000MiB.
2026-09-13  8:28:09 0 [Note] InnoDB: log sequence number 1476070; transaction id 3647
2026-09-13  8:28:09 0 [Note] InnoDB: Loading buffer pool(s) from /app/.mariadb_data/ib_buffer_pool
2026-09-13  8:28:09 0 [Note] Plugin 'FEEDBACK' is disabled.
2026-09-13  8:28:09 0 [Warning] You need to use --log-bin to make --expire-logs-days or --binlog-expire-logs-seconds work.
2026-09-13  8:28:09 0 [Note] Server socket created on IP: '127.0.0.1', port: '3306'.
2026-09-13  8:28:09 0 [Note] /usr/sbin/mariadbd: ready for connections.
Version: '10.11.18-MariaDB-0+deb12u1'  socket: '/run/mysqld/mysqld.sock'  port: 3306  Debian 12
2026-09-13  8:28:09 0 [Note] InnoDB: Buffer pool(s) load completed at 260913  8:28:09
